--- viewport 320 ---
  small-phone:text-center → text-align: center
  tablet:px-6 → padding-left: 24px
  phone:text-h2 → font-size: 24px
  desktop:hidden → display: block
  phablet-and-tablet:block → display: inline
  tablet-only:hidden → display: block
--- viewport 400 ---
  small-phone:text-center → text-align: center
  tablet:px-6 → padding-left: 24px
  phone:text-h2 → font-size: 24px
  desktop:hidden → display: block
  phablet-and-tablet:block → display: inline
  tablet-only:hidden → display: block
--- viewport 700 ---
  small-phone:text-center → text-align: start
  tablet:px-6 → padding-left: 24px
  phone:text-h2 → font-size: 24px
  desktop:hidden → display: block
  phablet-and-tablet:block → display: inline
  tablet-only:hidden → display: block
--- viewport 900 ---
  small-phone:text-center → text-align: start
  tablet:px-6 → padding-left: 24px
  phone:text-h2 → font-size: 16px
  desktop:hidden → display: block
  phablet-and-tablet:block → display: inline
  tablet-only:hidden → display: block
--- viewport 1200 ---
  small-phone:text-center → text-align: start
  tablet:px-6 → padding-left: 0px
  phone:text-h2 → font-size: 16px
  desktop:hidden → display: block
  phablet-and-tablet:block → display: inline
  tablet-only:hidden → display: block
КОД ВОЗВРАТА: 0
