m-0                        — НЕТ В ui/
flex                       — НЕТ В ui/
flex-col                   — НЕТ В ui/
gap-10                     — НЕТ В ui/
border                     — НЕТ В ui/
rounded-lg                 — НЕТ В ui/
block                      — НЕТ В ui/
bg-ui-black-50             — НЕТ В ui/
bg-ui-white                — НЕТ В ui/
small-phone:text-center    utilities.css:78
tablet:px-6                layout.css:163
phone:text-h1-mobile       foundations.css:342, foundations.css:344
phone:text-h2              foundations.css:343, foundations.css:344
desktop:hidden             — НЕТ В ui/
tablet:flex                — НЕТ В ui/
tablet-only:hidden         — НЕТ В ui/
phablet-and-tablet:block   — НЕТ В ui/

--- все классы ui/ с префиксом брейкпоинта (содержат ":") ---
  focus-visible:outline              foundations.css:415
  focus-visible:outline-ui-black-400 foundations.css:416
  focus-within:bg-ui-white           foundations.css:423
  focus-within:border-ui-black-850   foundations.css:422
  focus:bg-ui-black-50               foundations.css:421
  focus:outline-none                 foundations.css:414
  hover:no-underline                 foundations.css:271
  hover:underline                    foundations.css:270
  peer-focus-visible:outline         foundations.css:417
  phone:text-h1-mobile               foundations.css:342, foundations.css:344
  phone:text-h2                      foundations.css:343, foundations.css:344
  placeholder:text-small             foundations.css:274, foundations.css:275
  small-phone:text-center            utilities.css:78
  tablet:px-6                        layout.css:163

Всего классов в ui/: 64
КОД ВОЗВРАТА: 0
