{
  "320": {
    "container": {
      "max-width": "1124px",
      "padding-left": "24px"
    },
    "grid": {
      "display": "grid",
      "row-gap": "48px",
      "padding-top": "40px"
    },
    "shell": {
      "flex-grow": "1"
    },
    "h1": {
      "font-size": "30px",
      "line-height": "34px",
      "letter-spacing": "-0.5px"
    },
    "h2": {
      "font-size": "24px",
      "line-height": "28px",
      "font-weight": "600"
    },
    "small": {
      "font-size": "14px",
      "line-height": "14px"
    },
    "caps": {
      "font-size": "10px",
      "line-height": "14px",
      "text-transform": "uppercase",
      "font-weight": "600"
    },
    "font": {
      "font-family": "Inter, sans-serif",
      "font-size": "16px",
      "line-height": "20.8px",
      "background-color": "rgb(255, 255, 255)",
      "color": "rgb(44, 46, 52)"
    },
    "interLoaded": true,
    "errors": [],
    "external": [],
    "failed": []
  },
  "1400": {
    "container": {
      "max-width": "1124px",
      "padding-left": "24px"
    },
    "grid": {
      "display": "grid",
      "row-gap": "48px",
      "padding-top": "40px"
    },
    "shell": {
      "flex-grow": "1"
    },
    "h1": {
      "font-size": "44px",
      "line-height": "48px",
      "letter-spacing": "-0.5px"
    },
    "h2": {
      "font-size": "24px",
      "line-height": "28px",
      "font-weight": "600"
    },
    "small": {
      "font-size": "14px",
      "line-height": "14px"
    },
    "caps": {
      "font-size": "10px",
      "line-height": "14px",
      "text-transform": "uppercase",
      "font-weight": "600"
    },
    "font": {
      "font-family": "Inter, sans-serif",
      "font-size": "16px",
      "line-height": "20.8px",
      "background-color": "rgb(255, 255, 255)",
      "color": "rgb(44, 46, 52)"
    },
    "interLoaded": true,
    "errors": [],
    "external": [],
    "failed": []
  }
}
