{
  "measured": {
    "swatches": 41,
    "chipBg": "rgb(239, 245, 255)",
    "h1": "44px/48px",
    "containerMax": "1124px",
    "containerPad": "24px",
    "gap": "48px",
    "lamps": [
      "desktop"
    ],
    "fontFamily": "Inter, sans-serif",
    "interLoaded": true
  },
  "consoleErrors": [
    "Unsafe attempt to load URL file:///D:/work/guides/courses/ui/assets/icons/sprite.svg#star-rounded from frame with URL file:///D:/work/guides/courses/showcase/components.html. 'file:' URLs are treated as unique security origins.\n",
    "Unsafe attempt to load URL file:///D:/work/guides/courses/ui/assets/icons/sprite.svg#star-rounded-small from frame with URL file:///D:/work/guides/courses/showcase/components.html. 'file:' URLs are treated as unique security origins.\n",
    "Unsafe attempt to load URL file:///D:/work/guides/courses/ui/assets/icons/sprite.svg#comment from frame with URL file:///D:/work/guides/courses/showcase/components.html. 'file:' URLs are treated as unique security origins.\n",
    "Unsafe attempt to load URL file:///D:/work/guides/courses/ui/assets/icons/sprite.svg#accreditation from frame with URL file:///D:/work/guides/courses/showcase/components.html. 'file:' URLs are treated as unique security origins.\n",
    "Unsafe attempt to load URL file:///D:/work/guides/courses/ui/assets/icons/sprite.svg#building from frame with URL file:///D:/work/guides/courses/showcase/components.html. 'file:' URLs are treated as unique security origins.\n",
    "Unsafe attempt to load URL file:///D:/work/guides/courses/ui/assets/icons/sprite.svg#catalog from frame with URL file:///D:/work/guides/courses/showcase/components.html. 'file:' URLs are treated as unique security origins.\n",
    "Unsafe attempt to load URL file:///D:/work/guides/courses/ui/assets/icons/sprite.svg#cross-large from frame with URL file:///D:/work/guides/courses/showcase/components.html. 'file:' URLs are treated as unique security origins.\n",
    "Unsafe attempt to load URL file:///D:/work/guides/courses/ui/assets/icons/sprite.svg#more from frame with URL file:///D:/work/guides/courses/showcase/components.html. 'file:' URLs are treated as unique security origins.\n"
  ]
}
