{
  "placeholder": {
    "value": "поиск",
    "inputTransform": "none",
    "inputFont": "14px/20px",
    "placeholderTransform": "none",
    "placeholderFont": "14px",
    "placeholderFamily": "Inter, sans-serif"
  },
  "focus": {
    "тройка утилит": {
      "outline": "solid 2px rgb(166, 167, 169)",
      "outlineOffset": "2px",
      "background": "rgb(240, 240, 240)",
      "focused": true
    },
    "погашено без замены": {
      "outline": "solid 2px rgba(0, 0, 0, 0)",
      "outlineOffset": "2px",
      "background": "rgb(240, 240, 240)",
      "focused": true
    },
    "без утилит — ссылка": {
      "outline": "auto 1px rgb(16, 16, 16)",
      "outlineOffset": "1px",
      "background": "rgba(0, 0, 0, 0)",
      "focused": true
    },
    "focus:bg-ui-black-50": {
      "outline": "auto 1px rgb(16, 16, 16)",
      "outlineOffset": "0px",
      "background": "rgb(241, 241, 241)",
      "focused": true
    },
    "как в проде (outline-none, без норматива)": {
      "outline": "solid 2px rgba(0, 0, 0, 0)",
      "outlineOffset": "2px",
      "background": "rgb(240, 240, 240)",
      "focused": true
    }
  },
  "normative": {
    "outline": "solid 2px rgb(166, 167, 169)",
    "offset": "2px",
    "focused": true
  },
  "hidden": {
    "srOnly": {
      "w": 1,
      "h": 1
    },
    "visuallyHidden": {
      "w": 0,
      "h": 0
    }
  }
}
