ФАЙЛОВ CSS в корпусе: 22
правил: 18568 | различных классов: 974 | различных переменных объявлено: 110

=== счёт классов по брейкпоинт-префиксам В КОРПУСЕ ===
  small-phone: = 23
  phone: = 106
  phablet-and-tablet: = 1
  tablet-only: = 4
  tablet: = 15
  desktop: = 1

=== все small-phone:* в корпусе ===
    small-phone:bg-[image:var(--header-background-gradient)]
    small-phone:bg-[length:100%_200%]
    small-phone:bg-no-repeat
    small-phone:bg-top
    small-phone:block
    small-phone:break-words
    small-phone:grid-cols-1
    small-phone:grid-cols-[86px_86px_86px_86px]
    small-phone:h-[50dvh]
    small-phone:hidden
    small-phone:m-0
    small-phone:max-h-[250px]
    small-phone:max-w-full
    small-phone:min-w-[440px]
    small-phone:min-w-full
    small-phone:mt-0
    small-phone:pt-0
    small-phone:px-6
    small-phone:py-0
    small-phone:rounded-b-none
    small-phone:rounded-t-3xl
    small-phone:text-center
    small-phone:w-full

=== все phablet-and-tablet:* в корпусе ===
    phablet-and-tablet:grid-cols-2

=== все .leading-* в корпусе ===
    leading-5 -> inline/author.css:1, inline/author.css:5, inline/authors.css:1, inline/authors.css:5
    leading-none -> inline/author.css:1, inline/author.css:5, inline/authors.css:1, inline/authors.css:5

=== ступени шкалы: text-h*, text-card-title, text-base, text-small в корпусе ===
    phone:text-h1-mobile -> 30 правил
    phone:text-h2 -> 30 правил
    placeholder:text-small -> 30 правил
    text-h1 -> 30 правил
    text-h1-mobile -> 30 правил
    text-h2 -> 30 правил
    text-h3 -> 30 правил
    text-h4 -> 20 правил
    text-small -> 20 правил

=== ПОИМЁННО в корпусе ===
  text-card-title              — НЕТ В КОРПУСЕ
  container                    80 правил: inline/author.css, inline/authors.css, inline/courses-listing.css, inline/editors.css, inline/education-center.css, inline/education-centers-listing.css, inline/promocodes.css, inline/rating.css, inline/reviews.css, inline/schools-for-children.css
  outline-2                    20 правил: inline/author.css, inline/authors.css, inline/courses-listing.css, inline/editors.css, inline/education-center.css, inline/education-centers-listing.css, inline/promocodes.css, inline/rating.css, inline/reviews.css, inline/schools-for-children.css
  outline-offset-1             20 правил: inline/author.css, inline/authors.css, inline/courses-listing.css, inline/editors.css, inline/education-center.css, inline/education-centers-listing.css, inline/promocodes.css, inline/rating.css, inline/reviews.css, inline/schools-for-children.css
  small-phone:text-center      20 правил: inline/author.css, inline/authors.css, inline/courses-listing.css, inline/editors.css, inline/education-center.css, inline/education-centers-listing.css, inline/promocodes.css, inline/rating.css, inline/reviews.css, inline/schools-for-children.css
  phablet-and-tablet:block     — НЕТ В КОРПУСЕ
  desktop:hidden               20 правил: inline/author.css, inline/authors.css, inline/courses-listing.css, inline/editors.css, inline/education-center.css, inline/education-centers-listing.css, inline/promocodes.css, inline/rating.css, inline/reviews.css, inline/schools-for-children.css
  tablet:flex                  20 правил: inline/author.css, inline/authors.css, inline/courses-listing.css, inline/editors.css, inline/education-center.css, inline/education-centers-listing.css, inline/promocodes.css, inline/rating.css, inline/reviews.css, inline/schools-for-children.css
  sr-only                      20 правил: inline/author.css, inline/authors.css, inline/courses-listing.css, inline/editors.css, inline/education-center.css, inline/education-centers-listing.css, inline/promocodes.css, inline/rating.css, inline/reviews.css, inline/schools-for-children.css
  visually-hidden              10 правил: inline/author.css, inline/authors.css, inline/courses-listing.css, inline/editors.css, inline/education-center.css, inline/education-centers-listing.css, inline/promocodes.css, inline/rating.css, inline/reviews.css, inline/schools-for-children.css
  peer-focus-visible:outline   20 правил: inline/author.css, inline/authors.css, inline/courses-listing.css, inline/editors.css, inline/education-center.css, inline/education-centers-listing.css, inline/promocodes.css, inline/rating.css, inline/reviews.css, inline/schools-for-children.css
  rotate-90                    40 правил: inline/author.css, inline/authors.css, inline/courses-listing.css, inline/editors.css, inline/education-center.css, inline/education-centers-listing.css, inline/promocodes.css, inline/rating.css, inline/reviews.css, inline/schools-for-children.css

=== .container: где объявлен ===
    inline/author.css:1 media=[]
    inline/author.css:1 media=[@media (min-width:480px)]
    inline/author.css:1 media=[@media (min-width:768px)]
    inline/author.css:1 media=[@media (min-width:1024px)]
    inline/author.css:5 media=[]
    inline/author.css:5 media=[@media (min-width:480px)]
    inline/author.css:5 media=[@media (min-width:768px)]
    inline/author.css:5 media=[@media (min-width:1024px)]
    inline/authors.css:1 media=[]
    inline/authors.css:1 media=[@media (min-width:480px)]
    inline/authors.css:1 media=[@media (min-width:768px)]
    inline/authors.css:1 media=[@media (min-width:1024px)]
    inline/authors.css:5 media=[]
    inline/authors.css:5 media=[@media (min-width:480px)]
    inline/authors.css:5 media=[@media (min-width:768px)]
    inline/authors.css:5 media=[@media (min-width:1024px)]
    inline/courses-listing.css:1 media=[]
    inline/courses-listing.css:1 media=[@media (min-width:480px)]
    inline/courses-listing.css:1 media=[@media (min-width:768px)]
    inline/courses-listing.css:1 media=[@media (min-width:1024px)]
    inline/courses-listing.css:5 media=[]
    inline/courses-listing.css:5 media=[@media (min-width:480px)]
    inline/courses-listing.css:5 media=[@media (min-width:768px)]
    inline/courses-listing.css:5 media=[@media (min-width:1024px)]
    inline/editors.css:1 media=[]
    inline/editors.css:1 media=[@media (min-width:480px)]
    inline/editors.css:1 media=[@media (min-width:768px)]
    inline/editors.css:1 media=[@media (min-width:1024px)]
    inline/editors.css:5 media=[]
    inline/editors.css:5 media=[@media (min-width:480px)]
    inline/editors.css:5 media=[@media (min-width:768px)]
    inline/editors.css:5 media=[@media (min-width:1024px)]
    inline/education-center.css:1 media=[]
    inline/education-center.css:1 media=[@media (min-width:480px)]
    inline/education-center.css:1 media=[@media (min-width:768px)]
    inline/education-center.css:1 media=[@media (min-width:1024px)]
    inline/education-center.css:5 media=[]
    inline/education-center.css:5 media=[@media (min-width:480px)]
    inline/education-center.css:5 media=[@media (min-width:768px)]
    inline/education-center.css:5 media=[@media (min-width:1024px)]
    inline/education-centers-listing.css:1 media=[]
    inline/education-centers-listing.css:1 media=[@media (min-width:480px)]
    inline/education-centers-listing.css:1 media=[@media (min-width:768px)]
    inline/education-centers-listing.css:1 media=[@media (min-width:1024px)]
    inline/education-centers-listing.css:5 media=[]
    inline/education-centers-listing.css:5 media=[@media (min-width:480px)]
    inline/education-centers-listing.css:5 media=[@media (min-width:768px)]
    inline/education-centers-listing.css:5 media=[@media (min-width:1024px)]
    inline/promocodes.css:1 media=[]
    inline/promocodes.css:1 media=[@media (min-width:480px)]
    inline/promocodes.css:1 media=[@media (min-width:768px)]
    inline/promocodes.css:1 media=[@media (min-width:1024px)]
    inline/promocodes.css:5 media=[]
    inline/promocodes.css:5 media=[@media (min-width:480px)]
    inline/promocodes.css:5 media=[@media (min-width:768px)]
    inline/promocodes.css:5 media=[@media (min-width:1024px)]
    inline/rating.css:1 media=[]
    inline/rating.css:1 media=[@media (min-width:480px)]
    inline/rating.css:1 media=[@media (min-width:768px)]
    inline/rating.css:1 media=[@media (min-width:1024px)]
    inline/rating.css:5 media=[]
    inline/rating.css:5 media=[@media (min-width:480px)]
    inline/rating.css:5 media=[@media (min-width:768px)]
    inline/rating.css:5 media=[@media (min-width:1024px)]
    inline/reviews.css:1 media=[]
    inline/reviews.css:1 media=[@media (min-width:480px)]
    inline/reviews.css:1 media=[@media (min-width:768px)]
    inline/reviews.css:1 media=[@media (min-width:1024px)]
    inline/reviews.css:5 media=[]
    inline/reviews.css:5 media=[@media (min-width:480px)]
    inline/reviews.css:5 media=[@media (min-width:768px)]
    inline/reviews.css:5 media=[@media (min-width:1024px)]
    inline/schools-for-children.css:1 media=[]
    inline/schools-for-children.css:1 media=[@media (min-width:480px)]
    inline/schools-for-children.css:1 media=[@media (min-width:768px)]
    inline/schools-for-children.css:1 media=[@media (min-width:1024px)]
    inline/schools-for-children.css:5 media=[]
    inline/schools-for-children.css:5 media=[@media (min-width:480px)]
    inline/schools-for-children.css:5 media=[@media (min-width:768px)]
    inline/schools-for-children.css:5 media=[@media (min-width:1024px)]

=== типографические переменные пакета: ссылки var() в корпусе ===
  --font-size-h1             объявлена: нет | var()-ссылок: 0
  --font-size-h2             объявлена: inline/author.css:5, inline/authors.css:5, inline/courses-listing.css:5, inline/editors.css:5, inline/education-center.css:5, inline/education-centers-listing.css:5, inline/promocodes.css:5, inline/rating.css:5, inline/reviews.css:5, inline/schools-for-children.css:5 | var()-ссылок: 0
  --font-size-h3             объявлена: inline/author.css:5, inline/authors.css:5, inline/courses-listing.css:5, inline/editors.css:5, inline/education-center.css:5, inline/education-centers-listing.css:5, inline/promocodes.css:5, inline/rating.css:5, inline/reviews.css:5, inline/schools-for-children.css:5 | var()-ссылок: 0
  --font-size-h4             объявлена: inline/author.css:5, inline/authors.css:5, inline/courses-listing.css:5, inline/editors.css:5, inline/education-center.css:5, inline/education-centers-listing.css:5, inline/promocodes.css:5, inline/rating.css:5, inline/reviews.css:5, inline/schools-for-children.css:5 | var()-ссылок: 0
  --line-height-h1           объявлена: нет | var()-ссылок: 0
  --line-height-h2           объявлена: inline/author.css:5, inline/authors.css:5, inline/courses-listing.css:5, inline/editors.css:5, inline/education-center.css:5, inline/education-centers-listing.css:5, inline/promocodes.css:5, inline/rating.css:5, inline/reviews.css:5, inline/schools-for-children.css:5 | var()-ссылок: 0
  --line-height-h3           объявлена: inline/author.css:5, inline/authors.css:5, inline/courses-listing.css:5, inline/editors.css:5, inline/education-center.css:5, inline/education-centers-listing.css:5, inline/promocodes.css:5, inline/rating.css:5, inline/reviews.css:5, inline/schools-for-children.css:5 | var()-ссылок: 0
  --line-height-h4           объявлена: inline/author.css:5, inline/authors.css:5, inline/courses-listing.css:5, inline/editors.css:5, inline/education-center.css:5, inline/education-centers-listing.css:5, inline/promocodes.css:5, inline/rating.css:5, inline/reviews.css:5, inline/schools-for-children.css:5 | var()-ссылок: 0
  --font-size-card-title     объявлена: нет | var()-ссылок: 0
  --line-height-card-title   объявлена: inline/author.css:5, inline/authors.css:5, inline/courses-listing.css:5, inline/editors.css:5, inline/education-center.css:5, inline/education-centers-listing.css:5, inline/promocodes.css:5, inline/rating.css:5, inline/reviews.css:5, inline/schools-for-children.css:5 | var()-ссылок: 0
  --font-weight-title        объявлена: inline/author.css:5, inline/authors.css:5, inline/courses-listing.css:5, inline/editors.css:5, inline/education-center.css:5, inline/education-centers-listing.css:5, inline/promocodes.css:5, inline/rating.css:5, inline/reviews.css:5, inline/schools-for-children.css:5 | var()-ссылок: 0
  --shadow-dropdown          объявлена: inline/author.css:5, inline/authors.css:5, inline/courses-listing.css:5, inline/editors.css:5, inline/education-center.css:5, inline/education-centers-listing.css:5, inline/promocodes.css:5, inline/rating.css:5, inline/reviews.css:5, inline/schools-for-children.css:5 | var()-ссылок: 0
  --header-height            объявлена: inline/author.css:5, inline/author.css:5, inline/authors.css:5, inline/authors.css:5, inline/courses-listing.css:5, inline/courses-listing.css:5, inline/editors.css:5, inline/editors.css:5, inline/education-center.css:5, inline/education-center.css:5, inline/education-centers-listing.css:5, inline/education-centers-listing.css:5, inline/promocodes.css:5, inline/promocodes.css:5, inline/rating.css:5, inline/rating.css:5, inline/reviews.css:5, inline/reviews.css:5, inline/schools-for-children.css:5, inline/schools-for-children.css:5 | var()-ссылок: 0
  --swiper-theme-color       объявлена: external/course-card-skeleton.DgMnfZhS.css:1 | var()-ссылок: 1 (external/course-card-skeleton.DgMnfZhS.css)
