страниц с dom.html: 10 из 10

=== вхождения класса в разметке ===
  container                        0  страниц: 0
  outline-2                        0  страниц: 0
  outline-offset-1                 0  страниц: 0
  sr-only                          0  страниц: 0
  visually-hidden                  0  страниц: 0
  peer-focus-visible:outline       0  страниц: 0
  small-phone:text-center          8  страниц: 4
  text-card-title                  0  страниц: 0
  desktop:hidden                  10  страниц: 10
  tablet:flex                     10  страниц: 10
  tablet-only:hidden               0  страниц: 0

=== вхождения по брейкпоинт-префиксам ===
  small-phone:                20  страниц: 4
  phone:                     927  страниц: 10
  phablet-and-tablet:          0  страниц: 0
  tablet-only:                36  страниц: 10
  tablet:                     95  страниц: 10
  desktop:                    10  страниц: 10

=== phone:gap-* / tablet:gap-* в разметке === 91 страниц: 10 phone:gap-y-3, phone:gap-10, phone:gap-6, phone:gap-3, phone:gap-x-3, phone:gap-2, phone:gap-4
