Отрицательных предложений в разделе «Основания»: 19

[300] Плашка цвета не знает ни одного значения палитры: фон ей задаёт   var(--color-…) из ui/tokens.

[523] 5)   Figma · в палитре нет   живая           Статусные цвета — девять ступеней, в разметке десяти снятых страниц встречаются две: жёлтая 500 и зелёная 500, обе — заливка иконки; красная не встречается ни разу, экраны ошибки гостю недоступны             --color-ui-yellow-50   #fff2e2   Figma · yellow/50 Solid   no markup             --color-ui-yellow-400   #ffb51b   Figma · yellow/400 Solid   no markup             --color-ui-yellow-500   #ff960c   Figma · yellow/500 Solid   живая             --color-ui-red-50   #fce9e9   Figma · red/50 Solid   no markup             --color-ui-red-400   #f37676   Figma · red/400 Solid   no markup             --color-ui-red-500   #e84444   Figma · red/500 Solid   no markup             --color-ui-green-50   #e7f6ea   Figma · green/50 Solid   no markup             --color-ui-green-400   #5bcd72   Figma · green/400 Solid   no markup             --color-ui-green-500   #34b24f   Figma · green/500 Solid   живая           Дополнительные оттенки — оранжевая 500 — заливка бейджа-pill, фиолетовая 500 — текст и его hover; обе ступени 50 в разметке не встречаются             --color-ui-orange-50   #fcf2ed   Figma · orange/50 Solid   no markup             --color-ui-orange-500   #ff7e47   Figma · orange/500 Solid   живая             --color-ui-violet-50   #f2eafe   Figma · violet/50 Solid   no markup             --color-ui-violet-500   #9863f1   Figma · violet/500 Solid   живая           Цвета сервисов Хабра — утилиты произвольного значения в сборке есть, носителя в разметке нет: панель сервисов приходит заглушкой и гидрируется             --color-habr   #629fbc   Figma · brand/habr   no markup             --color-career   #6274bc   Figma · brand/career   no markup             --color-qna   #434b60   Figma · brand/qna   no markup           Чипы фильтров — обе утилиты в сборке есть, но pill-элементы прода покрашены в bg-ui-black-50; конфликт с Figma не разрешён — GAP-1 в tokens.

[799] Типографические токены, тень и высота шапки   [UNREFERENCED] · [RUNTIME]       П           Восемь типографических токенов — ни одной ссылки var(--…) во всём корпусе; шкалу вместо них задают утилиты Tailwind литералами         переменная значение живая утилита печатает сходится       --font-weight-title 600 .

[827] text-card-title класса нет нет ветки         все восемь — unreferenced; отрисовать их живым текстом нечем: продукт их не подставляет нигде         --shadow-dropdown: 0 1px 20px 0 rgba(0,0,0,.

[857] Единственная [RUNTIME] -переменная   подпадает и под определение [UNREFERENCED] дословно: ссылок   var(--header-height) в CSS сборки нет ни одной.

[1082] 21 против 20, 27 против 28 и 24   [UNREFERENCED]       П           --font-size-h3 / --line-height-h3 — 21 / 27, значение мёртвой переменной, отрисованное оболочкой; продукт эту ступень так не печатает нигде   Курсы и профессии       .

[1120] css сборки) на них нет   ни одной ссылки var(--…) .

[1127] 5px} ,   поэтому левые строки идут без него — разница на экране складывается   из кегля, интерлиньяжа и его отсутствия.

[1173] app-content flex:1 0 auto   покрытие 10 из 10 страниц   медиазапросов ни одного       Примечание.

[1181] Ни на один из двух классов продукт не вешает ни одного   @media — пара работает одинаково на всех измеренных ширинах.

[1190] container Tailwind объявлен и не применяется ни разу на 10 из 10 страниц.

[1284] Ни одного   phone:gap-* или tablet:gap-* рядом с этой связкой   в разметке нет.

[1369] phablet-and-tablet: объявлен в сборке и в разметке десяти   страниц не стоит ни разу; счёт приведён потому, что это отрицательное   утверждение.

[1388] css три префикса   целиком — desktop: , tablet-only: ,   phablet-and-tablet: , ни одного класса ни у одного из них, —   и все утилиты tablet:* , кроме px-6 , в том числе   tablet:flex .

[1408] Как выглядит фокус   Шесть вариантов: четыре случая, снятые живьём на /courses в msedge на 1440 клавиатурной модальностью, и две утилиты сборки, которых в разметке десяти снятых страниц нет ни разу, — они стоят с пометкой.

[1464] peer-focus-visible:outline на соседе: ринг получает не сам фокусируемый узел; правило в сборке есть, в разметке десяти снятых страниц не встречается           сосед получает ринг       no markup           селекторов фокуса в корпусе 11, ни одного элементного   свой ринг продукта 191 узел · 15 % · 9 из 10 страниц   реагирует focus-within 29 узлов · 2 % · 6 из 10 страниц   погашено без замены 10 узлов · 1 % · 10 из 10 страниц   рисует браузер 1034 узла · 82 % · 10 из 10 страниц       Примечание.

[1490] outline-offset-1 в сборке есть, но в разметке не стоят   ни разу.

[1525] Приём и оба значения скопированы с кнопки буквально,   ни одного изобретённого цвета здесь нет.

[1535] visually-hidden       П           обе утилиты объявлены в сборке и в разметке десяти страниц не встречаются ни разу; между словами «видно» и «видно» ниже стоят два спрятанных слова — по одному каждой утилитой     видно спрятано sr-only спрятано visually-hidden видно   no markup           Примечание.
