{
 "tabSequence": [
  {
   "tag": "BUTTON",
   "cls": "text-small focus:outline-none focus-visible:outline focus-visible:outline-ui-black-400",
   "inSec": true,
   "outline": "solid 2px rgb(166, 167, 169)",
   "offset": "2px",
   "bg": "rgb(240, 240, 240)",
   "wrapperBg": null,
   "wrapperBorder": null,
   "peerSibling": null
  },
  {
   "tag": "A",
   "cls": "text-small focus:outline-none focus-visible:outline focus-visible:outline-ui-black-400",
   "inSec": true,
   "outline": "solid 2px rgb(166, 167, 169)",
   "offset": "2px",
   "bg": "rgba(0, 0, 0, 0)",
   "wrapperBg": null,
   "wrapperBorder": null,
   "peerSibling": null
  },
  {
   "tag": "BUTTON",
   "cls": "text-small focus:outline-none",
   "inSec": true,
   "outline": "solid 2px rgba(0, 0, 0, 0)",
   "offset": "2px",
   "bg": "rgb(240, 240, 240)",
   "wrapperBg": null,
   "wrapperBorder": null,
   "peerSibling": null
  },
  {
   "tag": "A",
   "cls": "text-small",
   "inSec": true,
   "outline": "auto 1px rgb(16, 16, 16)",
   "offset": "1px",
   "bg": "rgba(0, 0, 0, 0)",
   "wrapperBg": null,
   "wrapperBorder": null,
   "peerSibling": null
  },
  {
   "tag": "BUTTON",
   "cls": "text-small focus:bg-ui-black-50",
   "inSec": true,
   "outline": "auto 1px rgb(16, 16, 16)",
   "offset": "0px",
   "bg": "rgb(241, 241, 241)",
   "wrapperBg": null,
   "wrapperBorder": null,
   "peerSibling": null
  },
  {
   "tag": "INPUT",
   "cls": "doc-input text-small",
   "inSec": true,
   "outline": "none 3px rgb(44, 46, 52)",
   "offset": "0px",
   "bg": "rgba(0, 0, 0, 0)",
   "wrapperBg": "rgb(255, 255, 255)",
   "wrapperBorder": "rgb(44, 46, 52) 1px",
   "peerSibling": null
  },
  {
   "tag": "INPUT",
   "cls": "peer",
   "inSec": true,
   "outline": "auto 1px rgb(16, 16, 16)",
   "offset": "2px",
   "bg": "rgba(0, 0, 0, 0)",
   "wrapperBg": null,
   "wrapperBorder": null,
   "peerSibling": "solid 3px rgb(44, 46, 52)"
  },
  {
   "tag": "BUTTON",
   "cls": "text-small outline-none",
   "inSec": true,
   "outline": "solid 2px rgba(0, 0, 0, 0)",
   "offset": "2px",
   "bg": "rgb(240, 240, 240)",
   "wrapperBg": null,
   "wrapperBorder": null,
   "peerSibling": null
  },
  {
   "tag": "BUTTON",
   "cls": "text-small outline-none crs-header-dropdown__trigger",
   "inSec": true,
   "outline": "solid 2px rgb(166, 167, 169)",
   "offset": "2px",
   "bg": "rgb(240, 240, 240)",
   "wrapperBg": null,
   "wrapperBorder": null,
   "peerSibling": null
  },
  {
   "tag": "A",
   "cls": "",
   "inSec": false,
   "outline": "auto 1px rgb(16, 16, 16)",
   "offset": "1px",
   "bg": "rgba(0, 0, 0, 0)",
   "wrapperBg": null,
   "wrapperBorder": null,
   "peerSibling": null
  }
 ],
 "fieldBlurred": {
  "bg": "rgb(241, 241, 241)",
  "border": "rgb(233, 233, 234) 1px"
 },
 "fieldFocused": {
  "bg": "rgb(255, 255, 255)",
  "border": "rgb(44, 46, 52) 1px",
  "inputOutline": "none 3px rgb(44, 46, 52)"
 }
}
