{
  "320": {
    "marks": {
      "noMarkup": 22,
      "live": 27,
      "unref": 2,
      "runtime": 2
    },
    "markWholeDoc": 22,
    "focusSubhead": "Шесть вариантов: четыре случая, снятые живьём на /courses в msedge на 1440 клавиатурной модальностью, и две утилиты сборки, которых в разметке десяти снятых страниц нет ни разу, — они стоят с пометкой.",
    "paletteSubhead": "Сорок одна цветовая переменная десятью группами. Группы собраны по смыслу, порядок здесь читательский: в :root продукта они объявлены иначе. Двадцать шесть живых; пятнадцать объявлены в сборке и в разметке десяти снятых страниц не встречаются — они стоят здесь с пометкой, а не подмешаны к живым.",
    "groups": 10,
    "groupLabels": 10,
    "zhivayaInFocus": 0,
    "focusMarked": [
      "фон вместо контура — focus:bg-ui-black-50, утилита сборки, в",
      "соседний элемент — .peer на поле и .peer-focus-visible:outli",
      "обе утилиты объявлены в сборке и в разметке десяти страниц н"
    ],
    "field": {
      "before": {
        "bg": "rgb(241, 241, 241)",
        "borderColor": "rgb(233, 233, 234)",
        "borderWidth": "1px"
      },
      "after": {
        "bg": "rgb(255, 255, 255)",
        "borderColor": "rgb(44, 46, 52)",
        "borderWidth": "1px"
      },
      "tabs": 4
    },
    "peer": {
      "outline": "rgb(44, 46, 52) solid 3px",
      "style": "solid",
      "width": "3px",
      "color": "rgb(44, 46, 52)"
    },
    "overflow": {
      "sw": 320,
      "cw": 320
    },
    "containerCoverage": [
      "10 из 10 страниц",
      "10 из 10 страниц: шапка, подвал, и ещё раз глубже на части страниц",
      "7 из 7 страниц с более чем одной секцией"
    ],
    "badgePara": "Источник — значение поля sourceScope из реестра. Метка стоит\n    в заголовке карточки образца и отвечает на первый вопрос читателя:\n    видел ли это кто-нибудь в живом продукте. У карточек раздела «Основания»\n    записи в реестре нет — там метка отвечает на тот же вопрос про слой\n    ui/: правила сняты с продакшена.",
    "errors": [],
    "failed": []
  },
  "1400": {
    "marks": {
      "noMarkup": 22,
      "live": 27,
      "unref": 2,
      "runtime": 2
    },
    "markWholeDoc": 22,
    "focusSubhead": "Шесть вариантов: четыре случая, снятые живьём на /courses в msedge на 1440 клавиатурной модальностью, и две утилиты сборки, которых в разметке десяти снятых страниц нет ни разу, — они стоят с пометкой.",
    "paletteSubhead": "Сорок одна цветовая переменная десятью группами. Группы собраны по смыслу, порядок здесь читательский: в :root продукта они объявлены иначе. Двадцать шесть живых; пятнадцать объявлены в сборке и в разметке десяти снятых страниц не встречаются — они стоят здесь с пометкой, а не подмешаны к живым.",
    "groups": 10,
    "groupLabels": 10,
    "zhivayaInFocus": 0,
    "focusMarked": [
      "фон вместо контура — focus:bg-ui-black-50, утилита сборки, в",
      "соседний элемент — .peer на поле и .peer-focus-visible:outli",
      "обе утилиты объявлены в сборке и в разметке десяти страниц н"
    ],
    "field": {
      "before": {
        "bg": "rgb(241, 241, 241)",
        "borderColor": "rgb(233, 233, 234)",
        "borderWidth": "1px"
      },
      "after": {
        "bg": "rgb(255, 255, 255)",
        "borderColor": "rgb(44, 46, 52)",
        "borderWidth": "1px"
      },
      "tabs": 4
    },
    "peer": {
      "outline": "rgb(44, 46, 52) solid 3px",
      "style": "solid",
      "width": "3px",
      "color": "rgb(44, 46, 52)"
    },
    "overflow": {
      "sw": 1400,
      "cw": 1400
    },
    "containerCoverage": [
      "10 из 10 страниц",
      "10 из 10 страниц: шапка, подвал, и ещё раз глубже на части страниц",
      "7 из 7 страниц с более чем одной секцией"
    ],
    "badgePara": "Источник — значение поля sourceScope из реестра. Метка стоит\n    в заголовке карточки образца и отвечает на первый вопрос читателя:\n    видел ли это кто-нибудь в живом продукте. У карточек раздела «Основания»\n    записи в реестре нет — там метка отвечает на тот же вопрос про слой\n    ui/: правила сняты с продакшена.",
    "errors": [],
    "failed": []
  }
}
