{
 "w320": {
  "docScroll": 320,
  "docClient": 320,
  "bodyScroll": 320,
  "lamps": [
   "small-phone=активен",
   "phone=активен",
   "phablet-and-tablet=не активен",
   "tablet-only=не активен",
   "tablet=активен",
   "desktop=не активен"
  ],
  "scale": {
   "text-h1": "44px/48px ls-0.5px",
   "text-h1-mobile": "30px/34px ls-0.5px",
   "text-h2": "24px/28px ls-0.5px",
   "text-h3": "20px/24px ls-0.5px",
   "text-h4": "18px/22px ls-0.5px",
   "text-default": "16px/22px lsnormal",
   "text-small": "14px/20px lsnormal",
   "text-micro": "12px/16px lsnormal",
   "text-caps": "10px/14px lsnormal"
  },
  "mobileH1": "30px/34px",
  "container": {
   "maxWidth": "1124px",
   "paddingLeft": "24px",
   "paddingRight": "24px",
   "width": 228
  },
  "grid": {
   "gap": "48px",
   "pt": "40px",
   "pb": "40px",
   "cols": "228px"
  },
  "appContent": "1/0/auto",
  "firstChip": "rgb(239, 245, 255)",
  "deadH3": "21px/27px lsnormal",
  "srOnly": {
   "w": 1,
   "h": 1
  },
  "visuallyHidden": {
   "w": 0,
   "h": 0
  },
  "wide": [
   "TABLE.doc-table right=577",
   "THEAD. right=577",
   "TR. right=577",
   "TH. right=415",
   "TH. right=500",
   "TH. right=577"
  ],
  "consoleErrors": [],
  "requestFailed": []
 },
 "w768": {
  "docScroll": 768,
  "docClient": 768,
  "bodyScroll": 768,
  "lamps": [
   "small-phone=не активен",
   "phone=не активен",
   "phablet-and-tablet=активен",
   "tablet-only=активен",
   "tablet=активен",
   "desktop=не активен"
  ],
  "scale": {
   "text-h1": "44px/48px ls-0.5px",
   "text-h1-mobile": "30px/34px ls-0.5px",
   "text-h2": "24px/28px ls-0.5px",
   "text-h3": "20px/24px ls-0.5px",
   "text-h4": "18px/22px ls-0.5px",
   "text-default": "16px/22px lsnormal",
   "text-small": "14px/20px lsnormal",
   "text-micro": "12px/16px lsnormal",
   "text-caps": "10px/14px lsnormal"
  },
  "mobileH1": "44px/48px",
  "container": {
   "maxWidth": "1124px",
   "paddingLeft": "24px",
   "paddingRight": "24px",
   "width": 676
  },
  "grid": {
   "gap": "48px",
   "pt": "40px",
   "pb": "40px",
   "cols": "676px"
  },
  "appContent": "1/0/auto",
  "firstChip": "rgb(239, 245, 255)",
  "deadH3": "21px/27px lsnormal",
  "srOnly": {
   "w": 1,
   "h": 1
  },
  "visuallyHidden": {
   "w": 0,
   "h": 0
  },
  "wide": [
   "DIV.doc-measure doc-measure--1240 right=1285",
   "DIV.mx-auto max-w-[1124px] px-6 py-0 tablet:px-6 right=1227",
   "P.doc-fill right=1203"
  ],
  "consoleErrors": [],
  "requestFailed": []
 },
 "w1024": {
  "docScroll": 1024,
  "docClient": 1024,
  "bodyScroll": 1024,
  "lamps": [
   "small-phone=не активен",
   "phone=не активен",
   "phablet-and-tablet=не активен",
   "tablet-only=не активен",
   "tablet=не активен",
   "desktop=активен"
  ],
  "scale": {
   "text-h1": "44px/48px ls-0.5px",
   "text-h1-mobile": "30px/34px ls-0.5px",
   "text-h2": "24px/28px ls-0.5px",
   "text-h3": "20px/24px ls-0.5px",
   "text-h4": "18px/22px ls-0.5px",
   "text-default": "16px/22px lsnormal",
   "text-small": "14px/20px lsnormal",
   "text-micro": "12px/16px lsnormal",
   "text-caps": "10px/14px lsnormal"
  },
  "mobileH1": "44px/48px",
  "container": {
   "maxWidth": "1124px",
   "paddingLeft": "24px",
   "paddingRight": "24px",
   "width": 628
  },
  "grid": {
   "gap": "48px",
   "pt": "40px",
   "pb": "40px",
   "cols": "628px"
  },
  "appContent": "1/0/auto",
  "firstChip": "rgb(239, 245, 255)",
  "deadH3": "21px/27px lsnormal",
  "srOnly": {
   "w": 1,
   "h": 1
  },
  "visuallyHidden": {
   "w": 0,
   "h": 0
  },
  "wide": [
   "DIV.doc-measure doc-measure--1240 right=1569",
   "DIV.mx-auto max-w-[1124px] px-6 py-0 tablet:px-6 right=1511",
   "P.doc-fill right=1487"
  ],
  "consoleErrors": [],
  "requestFailed": []
 },
 "w1400": {
  "docScroll": 1400,
  "docClient": 1400,
  "bodyScroll": 1400,
  "lamps": [
   "small-phone=не активен",
   "phone=не активен",
   "phablet-and-tablet=не активен",
   "tablet-only=не активен",
   "tablet=не активен",
   "desktop=активен"
  ],
  "scale": {
   "text-h1": "44px/48px ls-0.5px",
   "text-h1-mobile": "30px/34px ls-0.5px",
   "text-h2": "24px/28px ls-0.5px",
   "text-h3": "20px/24px ls-0.5px",
   "text-h4": "18px/22px ls-0.5px",
   "text-default": "16px/22px lsnormal",
   "text-small": "14px/20px lsnormal",
   "text-micro": "12px/16px lsnormal",
   "text-caps": "10px/14px lsnormal"
  },
  "mobileH1": "44px/48px",
  "container": {
   "maxWidth": "1124px",
   "paddingLeft": "24px",
   "paddingRight": "24px",
   "width": 1004
  },
  "grid": {
   "gap": "48px",
   "pt": "40px",
   "pb": "40px",
   "cols": "1004px"
  },
  "appContent": "1/0/auto",
  "firstChip": "rgb(239, 245, 255)",
  "deadH3": "21px/27px lsnormal",
  "srOnly": {
   "w": 1,
   "h": 1
  },
  "visuallyHidden": {
   "w": 0,
   "h": 0
  },
  "wide": [
   "DIV.doc-measure doc-measure--1240 right=1569",
   "DIV.mx-auto max-w-[1124px] px-6 py-0 tablet:px-6 right=1511",
   "P.doc-fill right=1487"
  ],
  "consoleErrors": [],
  "requestFailed": []
 },
 "boundary": {
  "766": "30px/34px",
  "767": "30px/34px",
  "768": "44px/48px",
  "769": "44px/48px"
 }
}
