
===== 375 px =====
запросов: 22 | 4xx/5xx/failed: 0 
консоль: пусто
{
 "title": "Хабр Курсы — витрина компонентов",
 "h1": "Витрина компонентов Хабр Курсов",
 "sections": [
  "doc-about",
  "doc-legend",
  "doc-form",
  "doc-components"
 ],
 "categories": [
  "doc-cat-data-display",
  "doc-cat-actions",
  "doc-cat-forms",
  "doc-cat-navigation",
  "doc-cat-collections",
  "doc-cat-layout",
  "doc-cat-feedback",
  "doc-cat-overlays",
  "doc-cat-frame-modules",
  "doc-cat-entities"
 ],
 "specimens": 1,
 "slots": 1,
 "empties": 10,
 "anchorsC": [],
 "docBg": "#f2f3f5",
 "bodyFont": "Inter, sans-serif",
 "navFont": "ui-sans-serif, system-ui, -apple-system, \"Segoe UI\", Roboto, sans-serif",
 "stageFont": "Inter, sans-serif",
 "stageSize": "16px",
 "stageLine": "20.8px",
 "stageBg": "rgb(255, 255, 255)",
 "stageColor": "rgb(44, 46, 52)",
 "navSticky": "static",
 "docHorizontalOverflow": false,
 "scrollWidth": 375,
 "clientWidth": 375,
 "fontsLoaded": 14
}

===== 768 px =====
запросов: 22 | 4xx/5xx/failed: 0 
консоль: пусто
{
 "title": "Хабр Курсы — витрина компонентов",
 "h1": "Витрина компонентов Хабр Курсов",
 "sections": [
  "doc-about",
  "doc-legend",
  "doc-form",
  "doc-components"
 ],
 "categories": [
  "doc-cat-data-display",
  "doc-cat-actions",
  "doc-cat-forms",
  "doc-cat-navigation",
  "doc-cat-collections",
  "doc-cat-layout",
  "doc-cat-feedback",
  "doc-cat-overlays",
  "doc-cat-frame-modules",
  "doc-cat-entities"
 ],
 "specimens": 1,
 "slots": 1,
 "empties": 10,
 "anchorsC": [],
 "docBg": "#f2f3f5",
 "bodyFont": "Inter, sans-serif",
 "navFont": "ui-sans-serif, system-ui, -apple-system, \"Segoe UI\", Roboto, sans-serif",
 "stageFont": "Inter, sans-serif",
 "stageSize": "16px",
 "stageLine": "20.8px",
 "stageBg": "rgb(255, 255, 255)",
 "stageColor": "rgb(44, 46, 52)",
 "navSticky": "static",
 "docHorizontalOverflow": false,
 "scrollWidth": 768,
 "clientWidth": 768,
 "fontsLoaded": 14
}

===== 1440 px =====
запросов: 22 | 4xx/5xx/failed: 0 
консоль: пусто
{
 "title": "Хабр Курсы — витрина компонентов",
 "h1": "Витрина компонентов Хабр Курсов",
 "sections": [
  "doc-about",
  "doc-legend",
  "doc-form",
  "doc-components"
 ],
 "categories": [
  "doc-cat-data-display",
  "doc-cat-actions",
  "doc-cat-forms",
  "doc-cat-navigation",
  "doc-cat-collections",
  "doc-cat-layout",
  "doc-cat-feedback",
  "doc-cat-overlays",
  "doc-cat-frame-modules",
  "doc-cat-entities"
 ],
 "specimens": 1,
 "slots": 1,
 "empties": 10,
 "anchorsC": [],
 "docBg": "#f2f3f5",
 "bodyFont": "Inter, sans-serif",
 "navFont": "ui-sans-serif, system-ui, -apple-system, \"Segoe UI\", Roboto, sans-serif",
 "stageFont": "Inter, sans-serif",
 "stageSize": "16px",
 "stageLine": "20.8px",
 "stageBg": "rgb(255, 255, 255)",
 "stageColor": "rgb(44, 46, 52)",
 "navSticky": "sticky",
 "docHorizontalOverflow": false,
 "scrollWidth": 1440,
 "clientWidth": 1440,
 "fontsLoaded": 14
}

===== только ui/courses.css, без витрины =====
{
 "docBgVariable": "\"\"",
 "docInkVariable": "\"\"",
 "probePadding": "0px",
 "probeBorder": "0px solid rgb(255, 255, 255)",
 "probeBackground": "rgba(0, 0, 0, 0)",
 "probeFont": "Inter, sans-serif",
 "bodyFont": "Inter, sans-serif"
}
