 =  sprite-icon            заявлено  611/10  измерено  611/10  
 =  social-icon            заявлено   60/10  измерено   60/10  
 =  project-icon           заявлено   80/10  измерено   80/10  
 =  avatar                 заявлено   54/ 6  измерено   54/ 6  
 =  entity-logo            заявлено   48/ 3  измерено   48/ 3  
 =  chip                   заявлено  239/ 7  измерено  239/ 7  
 =  badge                  заявлено   87/ 7  измерено   87/ 7  
 =  rating-badge           заявлено   62/ 7  измерено   62/ 7  
 =  meta-pill              заявлено   96/ 7  измерено   96/ 7  
 =  counter-pill           заявлено   28/ 2  измерено   28/ 2  
 =  avatar-stack           заявлено   28/ 2  измерено   28/ 2  
 =  prose                  заявлено   46/ 4  измерено   46/ 4  
 =  button                 заявлено  191/ 9  измерено  191/ 9  
 =  icon-button            заявлено   32/ 7  измерено   32/ 7  
 =  link                   заявлено  867/10  измерено  867/10  
 =  filter-chip            заявлено  107/ 5  измерено  107/ 5  
 =  segmented-control      заявлено    4/ 4  измерено    4/ 4  
 =  select                 заявлено   28/ 5  измерено   28/ 5  
 =  search-input           заявлено    1/ 1  измерено    1/ 1  
 =  site-header            заявлено   10/10  измерено   10/10  
 =  header-dropdown        заявлено   10/10  измерено   10/10  
 =  rubrication-bar        заявлено    1/ 1  измерено    1/ 1  
 =  site-footer            заявлено   10/10  измерено   10/10  
 =  page-hero              заявлено    9/ 8  измерено    9/ 8  
 =  search-form            заявлено    5/ 5  измерено    5/ 5  
 =  section                заявлено   15/ 7  измерено   15/ 7  
 =  card-grid              заявлено    8/ 6  измерено    8/ 6  
 =  carousel               заявлено   16/ 7  измерено   16/ 7  
 =  link-grid              заявлено    5/ 3  измерено    5/ 3  
 =  filter-bar             заявлено    5/ 5  измерено    5/ 5  
 =  ad-slot                заявлено    5/ 4  измерено    5/ 4  
 =  course-card            заявлено   96/ 7  измерено   96/ 7  
 =  school-card            заявлено   48/ 3  измерено   48/ 3  
 =  promo-card             заявлено   20/ 1  измерено   20/ 1  
 =  review-card            заявлено   20/ 3  измерено   20/ 3  
 =  article-card           заявлено   32/ 4  измерено   32/ 4  
 =  person-card            заявлено   30/ 2  измерено   30/ 2  
 =  step-card              заявлено    8/ 2  измерено    8/ 2  
 =  ad-card                заявлено   52/ 4  измерено   52/ 4  
 =  rating-table           заявлено    2/ 2  измерено    2/ 2  
 =  numbered-course-item   заявлено    9/ 1  измерено    9/ 1  
 =  entity-header          заявлено    1/ 1  измерено    1/ 1  
 =  person-header          заявлено    1/ 1  измерено    1/ 1  
 =  info-table             заявлено    1/ 1  измерено    1/ 1  

Измерено селекторов 44 по 10 страницам; расходятся с манифестом 0.

Перепись записана: components\selector-census.json
