OK   H1 X-73: «в ui/ утилиты small-phone:text-* не объявлены»
OK   H1 X-73: «в ui/ desktop: не встречается ни разу» при поднятом desktop:
OK   H2 R2-01: «утилита .text-ui-yellow-500 из ui/utilities.css»
OK   H3 R0-07 приёмка 1: «из шести префиксов поднимает только два»
OK   H4 R0-07 приёмка 2: комментарий components.css на текущем дереве
OK   G1 три поднятых префикса перечислены верно
OK   G2 верное отрицание
OK   G3 верное «только»
OK   G4 два адреса и две сущности не сверяются перекрёстно
OK   G5 «кроме px-6»
OK   G6 ui/ и сборка в одном предложении
OK   G7 обратный порядок: ui/ и сборка
OK   G8 экранированное двоеточие в тексте витрины
OK   G9 числа раздела
OK   T1 CRLF в обоих носителях
OK   T2 `/*` и префикс внутри строки CSS комментарием не считаются
OK   T3 незакрытый комментарий CSS — явная находка, а не тихий ноль
OK   T4 `>` внутри значения атрибута не ломает сканер
OK   T5 HTML-комментарий как носитель
OK   T6 комментарий инлайнового <style> как носитель
FAIL R1 major: образец разметки в том же комментарии CSS гасит находку 705
      Витрина утверждает о ui/ то, что разбором ui/ не подтверждается (1):
      
        Перечисление «только …», неполное по разбору ui/ (1):
          showcase/components.css:705 — сказано «только phone:», а в ui/ подняты и small-phone: (small-phone:text-center); tablet: (tablet:px-6)
            клауза: «в ui/ из шести поднят только phone:»
      
      Утверждение витрины о собственном слое — такой же факт, как значение,
      и требует такого же источника. Либо исправьте утверждение, либо
      назовите слой, о котором оно на самом деле (сборка, корпус, разметка).
      
FAIL R1 major: экранированный тег в том же абзаце гасит H3
      Витрина утверждает о ui/ то, что разбором ui/ не подтверждается (2):
      
        Число разошлось с разбором ui/ (1):
          showcase/components.html:1376 — «поднимает только два» — величина bp.prefixes.ui: заявлено 2, разбор ui/ даёт 3
            клауза: «Сам ui/ из шести префиксов поднимает только два»
      
        Перечисление «только …», неполное по разбору ui/ (1):
          showcase/components.css:705 — сказано «только phone:», а в ui/ подняты и small-phone: (small-phone:text-center); tablet: (tablet:px-6)
            клауза: «в ui/ из шести поднят только phone:»
      
      Утверждение витрины о собственном слое — такой же факт, как значение,
      и требует такого же источника. Либо исправьте утверждение, либо
      назовите слой, о котором оно на самом деле (сборка, корпус, разметка).
      
FAIL R2 major: «кроме X в том числе Y» без запятой глотает ложное отрицание
      Витрина утверждает о ui/ то, что разбором ui/ не подтверждается (2):
      
        Отрицание о ui/, опровергнутое разбором ui/ (1):
          showcase/components.html:1387 — сказано, что в ui/ нет small-phone:text-center, а в ui/ есть: small-phone:text-center (ui/utilities.css:78)
            клауза: «В ui/ не раскрывается ни одна утилита, кроме px-6 в том числе small-phone:text-center.»
      
        Перечисление «только …», неполное по разбору ui/ (1):
          showcase/components.css:705 — сказано «только phone:», а в ui/ подняты и small-phone: (small-phone:text-center); tablet: (tablet:px-6)
            клауза: «в ui/ из шести поднят только phone:»
      
      Утверждение витрины о собственном слое — такой же факт, как значение,
      и требует такого же источника. Либо исправьте утверждение, либо
      назовите слой, о котором оно на самом деле (сборка, корпус, разметка).
      
OK   R2 контроль: та же фраза с запятой — находка есть
FAIL R3 minor: седьмой префикс манифеста не виден разбору ui/
      Витрина утверждает о ui/ то, что разбором ui/ не подтверждается (6):
      
        Число разошлось с разбором ui/ (5):
          showcase/components.html:1302 — «шесть префиксов сборки» — величина bp.prefixes.total: заявлено 6, разбор ui/ даёт 7
            клауза: «шесть префиксов сборки»
          showcase/components.html:1344 — «шесть префиксов» — величина bp.prefixes.total: заявлено 6, разбор ui/ даёт 7
            клауза: «шесть префиксов, каждый»
          showcase/components.html:1376 — «из шести префиксов» — величина bp.prefixes.total: заявлено 6, разбор ui/ даёт 7
            клауза: «Сам ui/ из шести префиксов поднимает три»
          showcase/components.html:1376 — «поднимает три» — величина bp.prefixes.ui: заявлено 3, разбор ui/ даёт 4
            клауза: «Сам ui/ из шести префиксов поднимает три»
          showcase/components.html:1377 — «всего четырьмя классами» — величина bp.classes.ui: заявлено 4, разбор ui/ даёт 5
            клауза: «и всего четырьмя классами»
      
        Перечисление «только …», неполное по разбору ui/ (1):
          showcase/components.css:705 — сказано «только phone:», а в ui/ подняты и small-phone: (small-phone:text-center); tablet: (tablet:px-6); wide: (wide:px-8)
            клауза: «в ui/ из шести поднят только phone:»
      
      Утверждение витрины о собственном слое — такой же факт, как значение,
      и требует такого же источника. Либо исправьте утверждение, либо
      назовите слой, о котором оно на самом деле (сборка, корпус, разметка).
      
FAIL R4 minor: адрес внутри клаузы «только …» не проверяется
      Витрина утверждает о ui/ то, что разбором ui/ не подтверждается (2):
      
        Названы файл и строка ui/, а объявление в другом месте (1):
          showcase/components.html:1387 — названо место ui/layout.css:999, а .tablet: объявлен в ui/layout.css:163
            клауза: «Сам ui/ поднимает только phone:, small-phone: и tablet: (ui/layout.css, строка 999).»
      
        Перечисление «только …», неполное по разбору ui/ (1):
          showcase/components.css:705 — сказано «только phone:», а в ui/ подняты и small-phone: (small-phone:text-center); tablet: (tablet:px-6)
            клауза: «в ui/ из шести поднят только phone:»
      
      Утверждение витрины о собственном слое — такой же факт, как значение,
      и требует такого же источника. Либо исправьте утверждение, либо
      назовите слой, о котором оно на самом деле (сборка, корпус, разметка).
      
OK   R4 контроль: тот же неверный адрес в положительной клаузе — находка
FAIL R5 minor: цитата исправленного ложного утверждения даёт находку
      Витрина утверждает о ui/ то, что разбором ui/ не подтверждается (1):
      
        Перечисление «только …», неполное по разбору ui/ (1):
          showcase/components.css:705 — сказано «только phone:», а в ui/ подняты и small-phone: (small-phone:text-center); tablet: (tablet:px-6)
            клауза: «в ui/ из шести поднят только phone:»
      
      Утверждение витрины о собственном слое — такой же факт, как значение,
      и требует такого же источника. Либо исправьте утверждение, либо
      назовите слой, о котором оно на самом деле (сборка, корпус, разметка).
      

Проб 28, разошлось с ожиданием 6.
