БАЗА (без мутаций): Пройдено 75 из 75 · упало 0
M1. вернуть пропуск единицы целиком по признаку разметки (major 1): Пройдено 73 из 75 · упало 2
    FAIL major 1: образец разметки в том же комментарии CSS не глушит ложное «только phone:»
    FAIL major 1: экранированный тег в том же предложении не глушит число bp.prefixes.ui
M2. вернуть ASCII-`\b` в границу списка исключений (major 2): Пройдено 74 из 75 · упало 1
    FAIL major 2: «кроме px-6 в том числе small-phone:text-center» без запятой — находка есть
M3. снять таблицу рядов SERIES (major 3): Пройдено 71 из 75 · упало 4
    FAIL major 3: ряд кеглей ступеней сверяется целиком
    FAIL major 3: начертания — и счёт, и сам ряд весов
    FAIL major 3-green: начертания, выведенные из ui/
    FAIL major 3: граница, на которой шкала зависит от ширины
M4. снять четыре величины, добавленные по major 3: Пройдено 74 из 75 · упало 1
    FAIL major 3: трекинг и число заголовочных ступеней
M5. вернуть зашитый список брейкпоинтных префиксов (minor 4): Пройдено 74 из 75 · упало 1
    FAIL minor 4: седьмой префикс реестра с живым классом ui/ виден разбору
M6. вернуть checkLocation только в положительную ветку (minor 5): Пройдено 72 из 75 · упало 3
    FAIL claim-location: назван не тот файл и не та строка
    FAIL minor 5: неверный адрес внутри отрицания с исключением
    FAIL minor 5: неверный адрес внутри перечисления «только …»
M7. снять шаблоны из проверки адреса (minor 5): Пройдено 74 из 75 · упало 1
    FAIL minor 5: неверный адрес внутри перечисления «только …»
M8. снять гашение цитаты (minor 6): Пройдено 74 из 75 · упало 1
    FAIL minor 6-green: цитата исправленного ложного утверждения не краснеет
M9. снять список непокрытых чисел из переписи (major 3, видимость): Пройдено 74 из 75 · упало 1
    FAIL major 3: перепись показывает числа, для которых правила нет

Мутаций 9: не применено 0, не уронило ни одной пробы 0.
Мутация, не уронившая ни одной пробы, означает непокрытое свойство.
