БАЗА (без мутаций): Пройдено 75 из 75 · упало 0
A.  вместо кириллической границы слова в RE_EXHAUSTIVE: Пройдено 58 из 75 · упало 17
    FAIL H4 (R0-07, приёмка 2): то же предложение в комментарии showcase/*.css
    FAIL H4-контроль: разметка починена, комментарий CSS — нет (вторая приёмка дословно)
    FAIL Носитель: текст разметки
    FAIL Носитель: HTML-комментарий
    FAIL Носитель: комментарий showcase/*.css
    FAIL Носитель: комментарий инлайнового <style> витрины
    FAIL Носитель: комментарий внутри @media в showcase/*.css
    FAIL Форма: CRLF в комментарии CSS
    FAIL Форма: CRLF в разметке
    FAIL Форма: висячие пробелы и табы вокруг утверждения
    FAIL Форма: незакрытый тег ПЕРЕД утверждением не съедает его молча
    FAIL Форма: незакрытый тег ПОСЛЕ утверждения
    FAIL Форма: незакрытый HTML-комментарий до конца файла читается, а не теряется
    FAIL Форма: точка внутри пути не рвёт предложение
    FAIL claim-exhaustive: «лишь» распознаётся так же, как «только» (кириллическая граница слова)
    FAIL major 1: образец разметки в том же комментарии CSS не глушит ложное «только phone:»
    FAIL minor 6: то же предложение без глагола цитирования — находка
B. снят носитель showcase/*.css: Пройдено 68 из 75 · упало 7
    FAIL H4 (R0-07, приёмка 2): то же предложение в комментарии showcase/*.css
    FAIL H4-контроль: разметка починена, комментарий CSS — нет (вторая приёмка дословно)
    FAIL Носитель: комментарий showcase/*.css
    FAIL Носитель: комментарий внутри @media в showcase/*.css
    FAIL Форма: CRLF в комментарии CSS
    FAIL Форма: незакрытый комментарий CSS — явная находка, а не тихий ноль
    FAIL major 1: образец разметки в том же комментарии CSS не глушит ложное «только phone:»
C. строка единицы вместо строки клаузы: Пройдено 73 из 75 · упало 2
    FAIL H4 (R0-07, приёмка 2): то же предложение в комментарии showcase/*.css
    FAIL H4-контроль: разметка починена, комментарий CSS — нет (вторая приёмка дословно)
D. снят фильтр RE_LOOKS_LIKE_MARKUP: ФРАГМЕНТ НЕ НАЙДЕН — мутация не применена
E. снят носитель инлайнового <style>: Пройдено 74 из 75 · упало 1
    FAIL Носитель: комментарий инлайнового <style> витрины
F. слой ui не наследуется внутри предложения: Пройдено 72 из 75 · упало 3
    FAIL H1 (X-73, R0-03): отрицание о desktop: и small-phone:text-*, опровергнутое ui/
    FAIL H1-green: то же отрицание при слое, где этих классов действительно нет
    FAIL Наследование отрицания: перечисление после одного «не раскрываются»
G. кириллически-безопасная граница в exceptionsOf (не мутация, а правка): ФРАГМЕНТ НЕ НАЙДЕН — мутация не применена
