пар с числом: 35
   переменных :root = 51
   из них цветовых = 41
   живых = 26
   no markup = 15
   сверено с Figma = 33 / 33
   unreferenced = 9
   runtime = 1
   расхождений с живой утилитой = 3
   оборванных веток = 1
   ступеней = 9
   кегль = 44 · 30 · 24 · 20 · 18 · 16 · 14 · 12 · 10
   трекинг = −0.5px у пяти заголовочных
   вхождений всего = 2062
   сверено с Figma = 7 из 9
   начертаний = 3 — 400 · 600 · 700
   файлов = один переменный Inter, ось font-weight: 100 900
   граница = 767 / 768
   вхождений пары = 7 · 7 из 10 страниц
   покрытие h1 = 7 из 8
   переменных мертво = 8 из 8
   расходится с утилитой = 3
   оборванных веток = 1 — .text-card-title
   .app-container = display:flex; flex-direction:column; height:100%
   .app-content = flex:1 0 auto
   покрытие = 10 из 10 страниц
   max-width = 1124px, border-box
   padding = 0 24px
   зона содержимого = 1076px
   покрытие = 10 из 10 страниц: шапка, подвал, и ещё раз глубже на части страниц
   gap-12 = 48px, одинаково на всех измеренных ширинах
   колонок = одна — minmax(0,1fr)
   pt-10 pb-10 = 40 / 40px — 5 из 7 страниц
   покрытие сетки = 7 из 7 страниц с более чем одной секцией
   префиксов = 6
   границ ниже 1024 = две — 480 и 768
