=== A. Major 1 — гашение разметки, обход в новых формах =======
OK   A1 (проба ревью-1): образец разметки в том же комментарии CSS
OK   A2 (проба ревью-1): экранированный тег в том же абзаце HTML
OK   A3 тег внутри значения атрибута: <span data-x="<b>">
OK   A4 тег внутри тега: <code><span></span></code>
OK   A5 одинокий `<` без пары
OK   A6 тег, разорванный переводом строки
OK   A7 экранированный тег внутри уже экранированного (&amp;lt;span&amp;gt;)
FAIL A8 незакрытый тег ПЕРЕД клаузой + `>` ПОСЛЕ неё
      ждали: сказано «только phone:»
      Проверено 780 единиц текста витрины (1 html + 1 css) против разбора 17 файлов ui/.
      Клауз с сущностями 193, из них о ui/ 11; чисел сверено с ui/ 39, без правила 527 (--census печатает оба списка). Расхождений нет.
OK   A9 `<` ПЕРЕД клаузой и `>` ПОСЛЕ неё в прозе (без имени тега — контроль)
OK   A10 пять уровней вложенности `<` (проходов гашения четыре)
OK   A11 тег в верхнем регистре и самозакрывающийся
OK   A12 `>` внутри значения атрибута образца
OK   A13 образец разметки ПОСЛЕ клаузы в том же комментарии
OK   A14 нет ложных срабатываний: сам образец разметки не даёт находки

=== B. Major 2 — кириллические границы слова ===================
OK   B1 «кроме px-6 в том числе small-phone:text-center» без запятой
OK   B2 та же форма с запятой (контроль)
OK   B3 «кроме px-6 и в том числе …» (вторая альтернатива)
OK   B4 зелёный: оба перечислены после «кроме» без разделителя
OK   B5 attr(): x-data-claim не читается как data-claim
OK   B6 контроль attr(): настоящий data-claim с ложным числом краснеет
OK   B7 RE_UI_LAYER: «в нашем слое» без пути опознаётся
OK   B8 RE_NEG_EXISTS в кириллическом окружении
OK   B9 RE_EXHAUSTIVE: «лишь» вместо «только»
OK   B10 htmlTokens: </style-x> не закрывает <style> раньше времени

=== C. Major 3 — 39 чисел выводятся, а не вписаны ==============
OK   C1 трекинг -.5px → -.25px в ui/
OK   C2 кегль 44px → 46px в ui/
OK   C3 начертание 600 → 650 в ui/
OK   C4 четвёртое начертание в ui/ ⇒ «3» краснеет
OK   C5 граница шкалы 767 → 800 в ui/
OK   C6 число заголовочных с трекингом 5 → 4 в ui/
OK   C7 контейнер 1124 → 1200 в ui/ (правило, не комментарий)

=== D. Minor 4/5/6 ============================================
OK   D1 седьмой префикс манифеста с живым классом ui/ виден
OK   D2 адрес внутри отрицания проверяется
OK   D3 адрес внутри «только …» проверяется
FAIL D4 сценарий R0-07: цитата ложного утверждения, которое чинят
      не должно быть: Перечисление «только …», неполное
      Витрина утверждает о ui/ то, что разбором ui/ не подтверждается (1):
        Перечисление «только …», неполное по разбору ui/ (1):
          showcase/components.css:705 — сказано «только phone:», а в ui/ подняты и small-phone: (small-phone:text-center); tablet: (tablet:px-6)
            клауза: «в ui/ из шести поднят только phone:»
      Утверждение витрины о собственном слое — такой же факт, как значение,
      и требует такого же источника. Либо исправьте утверждение, либо
      назовите слой, о котором оно на самом деле (сборка, корпус, разметка).
OK   D5 цитата гасится, а настоящее утверждение рядом — нет
OK   D6 цитата без глагола цитирования утверждением остаётся
OK   D7 глагол цитирования не глушит соседнее предложение
FAIL D8 цитата в кавычках-лапках после «утверждала» — тот же сценарий R0-07
      не должно быть: Перечисление «только …», неполное
      Витрина утверждает о ui/ то, что разбором ui/ не подтверждается (1):
        Перечисление «только …», неполное по разбору ui/ (1):
          showcase/components.css:705 — сказано «только phone:», а в ui/ подняты и small-phone: (small-phone:text-center); tablet: (tablet:px-6)
            клауза: «в ui/ из шести поднят только phone:»
      Утверждение витрины о собственном слое — такой же факт, как значение,
      и требует такого же источника. Либо исправьте утверждение, либо
      назовите слой, о котором оно на самом деле (сборка, корпус, разметка).

Проб 39, разошлись с ожиданием 3.
