НЕТ РАЗНИЦЫ N1 жадный тег до последнего `>` — ложная клауза 705 исчезает
    база     showcase/components.css:705 — сказано «только phone:», а в ui/ подняты и small-phone: (small-phone:text-center); tablet: (tablet:px-6)
    мутация  showcase/components.css:705 — сказано «только phone:», а в ui/ подняты и small-phone: (small-phone:text-center); tablet: (tablet:px-6)
НЕТ РАЗНИЦЫ N2 гашение без сохранения длины — номер строки находки уезжает
    база     showcase/components.css:705 — сказано «только phone:», а в ui/ подняты и small-phone: (small-phone:text-center); tablet: (tablet:px-6)
    мутация  showcase/components.css:705 — сказано «только phone:», а в ui/ подняты и small-phone: (small-phone:text-center); tablet: (tablet:px-6)
РАСХОДИТСЯ  N3 один проход гашения — образец разметки становится ложной находкой
    база     showcase/components.css:705 — сказано «только phone:», а в ui/ подняты и small-phone: (small-phone:text-center); tablet: (tablet:px-6)
    мутация  showcase/components.html:1387 — сказано, что в ui/ нет tablet:px-6, а в ui/ есть: tablet:px-6 (ui/layout.css:163) | клауза: «В ui/ нет ни одного <section id="c-    " class="tablet:px-6">.» | showcase/components.css:705 — сказано «только phone:», а в ui/ подняты и small-phone: (small-phone:text-center); tablet: (tablet:px-6)
    регрессия на мутированном гейте: Пройдено 75 из 75

=== Вписанная константа вместо вывода из ui/ — по каждой величине ===
  scale.tracking: величина вписана константой → регрессия Пройдено 75 из 75
  scale.tracked: величина вписана константой → регрессия Пройдено 73 из 75
  weights.count: величина вписана константой → регрессия Пройдено 73 из 75
  scale.mediaMax: величина вписана константой → регрессия Пройдено 75 из 75
  scale.steps: величина вписана константой → регрессия Пройдено 73 из 75
  vars.total: величина вписана константой → регрессия Пройдено 73 из 75
  bp.classes.ui: величина вписана константой → регрессия Пройдено 75 из 75
  container.maxWidth: величина вписана константой → регрессия Пройдено 75 из 75
  scale.sizes: величина вписана константой → регрессия Пройдено 73 из 75
  weights.list: величина вписана константой → регрессия Пройдено 73 из 75
