OK   H1 X-73: «в ui/ утилиты small-phone:text-* не объявлены»
OK   H1 X-73: «в ui/ desktop: не встречается ни разу» при поднятом desktop:
OK   H2 R2-01: «утилита .text-ui-yellow-500 из ui/utilities.css»
OK   H3 R0-07 приёмка 1: «из шести префиксов поднимает только два»
OK   H4 R0-07 приёмка 2: комментарий components.css на текущем дереве
OK   G1 три поднятых префикса перечислены верно
OK   G2 верное отрицание
OK   G3 верное «только»
OK   G4 два адреса и две сущности не сверяются перекрёстно
OK   G5 «кроме px-6»
OK   G6 ui/ и сборка в одном предложении
OK   G7 обратный порядок: ui/ и сборка
OK   G8 экранированное двоеточие в тексте витрины
OK   G9 числа раздела
OK   T1 CRLF в обоих носителях
OK   T2 `/*` и префикс внутри строки CSS комментарием не считаются
OK   T3 незакрытый комментарий CSS — явная находка, а не тихий ноль
OK   T4 `>` внутри значения атрибута не ломает сканер
OK   T5 HTML-комментарий как носитель
OK   T6 комментарий инлайнового <style> как носитель
OK   R1 major: образец разметки в том же комментарии CSS гасит находку 705
OK   R1 major: экранированный тег в том же абзаце гасит H3
OK   R2 major: «кроме X в том числе Y» без запятой глотает ложное отрицание
OK   R2 контроль: та же фраза с запятой — находка есть
OK   R3 minor: седьмой префикс манифеста не виден разбору ui/
OK   R4 minor: адрес внутри клаузы «только …» не проверяется
OK   R4 контроль: тот же неверный адрес в положительной клаузе — находка
OK   R5 minor: цитата исправленного ложного утверждения даёт находку

Проб 28, разошлось с ожиданием 0.
